******************************************************************************
             TMS320C2000 Linker PC v5.2.1                      
******************************************************************************
>> Linked Fri Mar 23 20:24:56 2018

OUTPUT FILE NAME:   <./Debug/FirstPjt.out>
ENTRY POINT SYMBOL: "_c_int00"  address: 0000950c


MEMORY CONFIGURATION

         name            origin    length      used     unused   attr    fill
----------------------  --------  ---------  --------  --------  ----  --------
PAGE 0:
  BEGIN                 00000000   00000002  00000002  00000000  RWIX
  BOOT_RSVD             00000002   0000004e  00000000  0000004e  RWIX
  RAMM0                 00000050   000003b0  00000000  000003b0  RWIX
  RAML0                 00008000   00000200  0000007a  00000186  RWIX
  RAML1                 00008200   00002000  00001577  00000a89  RWIX
  RAML2                 0000a800   00000200  00000000  00000200  RWIX
  RAML3                 0000b000   00001000  00000000  00001000  RWIX
  ZONE6A                00100000   0000fc00  00000000  0000fc00  RWIX
  CSM_RSVD              0033ff80   00000076  00000000  00000076  RWIX
  CSM_PWL               0033fff8   00000008  00000000  00000008  RWIX
  ADC_CAL               00380080   00000009  00000007  00000002  RWIX
  IQTABLES              003fe000   00000b50  00000000  00000b50  RWIX
  IQTABLES2             003feb50   0000008c  00000000  0000008c  RWIX
  FPUTABLES             003febdc   000006a0  00000000  000006a0  RWIX
  BOOTROM               003ff27c   00000d44  00000000  00000d44  RWIX
  RESET                 003fffc0   00000002  00000000  00000002  RWIX

PAGE 1:
  RAMM1                 00000400   00000400  00000400  00000000  RWIX
  DEV_EMU               00000880   00000180  000000d0  000000b0  RWIX
  FLASH_REGS            00000a80   00000060  00000008  00000058  RWIX
  CSM                   00000ae0   00000010  00000010  00000000  RWIX
  ADC_MIRROR            00000b00   00000010  00000010  00000000  RWIX
  XINTF                 00000b20   00000020  0000001e  00000002  RWIX
  CPU_TIMER0            00000c00   00000008  00000008  00000000  RWIX
  CPU_TIMER1            00000c08   00000008  00000008  00000000  RWIX
  CPU_TIMER2            00000c10   00000008  00000008  00000000  RWIX
  PIE_CTRL              00000ce0   00000020  0000001a  00000006  RWIX
  PIE_VECT              00000d00   00000100  00000100  00000000  RWIX
  DMA                   00001000   00000200  000000e0  00000120  RWIX
  MCBSPA                00005000   00000040  00000025  0000001b  RWIX
  MCBSPB                00005040   00000040  00000025  0000001b  RWIX
  ECANA                 00006000   00000040  00000034  0000000c  RWIX
  ECANA_LAM             00006040   00000040  00000040  00000000  RWIX
  ECANA_MOTS            00006080   00000040  00000040  00000000  RWIX
  ECANA_MOTO            000060c0   00000040  00000040  00000000  RWIX
  ECANA_MBOX            00006100   00000100  00000100  00000000  RWIX
  ECANB                 00006200   00000040  00000034  0000000c  RWIX
  ECANB_LAM             00006240   00000040  00000040  00000000  RWIX
  ECANB_MOTS            00006280   00000040  00000040  00000000  RWIX
  ECANB_MOTO            000062c0   00000040  00000040  00000000  RWIX
  ECANB_MBOX            00006300   00000100  00000100  00000000  RWIX
  EPWM1                 00006800   00000022  00000022  00000000  RWIX
  EPWM2                 00006840   00000022  00000022  00000000  RWIX
  EPWM3                 00006880   00000022  00000022  00000000  RWIX
  EPWM4                 000068c0   00000022  00000022  00000000  RWIX
  EPWM5                 00006900   00000022  00000022  00000000  RWIX
  EPWM6                 00006940   00000022  00000022  00000000  RWIX
  ECAP1                 00006a00   00000020  00000020  00000000  RWIX
  ECAP2                 00006a20   00000020  00000020  00000000  RWIX
  ECAP3                 00006a40   00000020  00000020  00000000  RWIX
  ECAP4                 00006a60   00000020  00000020  00000000  RWIX
  ECAP5                 00006a80   00000020  00000020  00000000  RWIX
  ECAP6                 00006aa0   00000020  00000020  00000000  RWIX
  EQEP1                 00006b00   00000040  00000040  00000000  RWIX
  EQEP2                 00006b40   00000040  00000040  00000000  RWIX
  GPIOCTRL              00006f80   00000040  0000002e  00000012  RWIX
  GPIODAT               00006fc0   00000020  00000020  00000000  RWIX
  GPIOINT               00006fe0   00000020  0000000a  00000016  RWIX
  SYSTEM                00007010   00000020  00000020  00000000  RWIX
  SPIA                  00007040   00000010  00000010  00000000  RWIX
  SCIA                  00007050   00000010  00000010  00000000  RWIX
  XINTRUPT              00007070   00000010  00000010  00000000  RWIX
  ADC                   00007100   00000020  0000001e  00000002  RWIX
  SCIB                  00007750   00000010  00000010  00000000  RWIX
  SCIC                  00007770   00000010  00000010  00000000  RWIX
  I2CA                  00007900   00000040  00000022  0000001e  RWIX
  RAML4                 0000c000   00001780  00000555  0000122b  RWIX
  RAML5                 0000d780   00000a00  00000508  000004f8  RWIX
  RAML6                 0000e280   00000d00  00000400  00000900  RWIX
  RAML7                 0000f000   00001000  00000c00  00000400  RWIX
  ZONE6B                0010fc00   00000400  00000000  00000400  RWIX
  CSM_PWL               0033fff8   00000008  00000008  00000000  RWIX


SECTION ALLOCATION MAP

 output                                  attributes/
section   page    origin      length       input sections
--------  ----  ----------  ----------   ----------------
codestart 
*          0    00000000    00000002     
                  00000000    00000002     DSP2833x_CodeStartBranch.obj (codestart)

.pinit     0    00008000    00000000     UNINITIALIZED

.cinit     0    00008000    0000005b     
                  00008000    00000033     Example_2833xAIC23_IIC_Mcbsp.obj (.cinit)
                  00008033    0000000e     DSP2833x_SWPrioritizedDefaultIsr.obj (.cinit)
                  00008041    0000000a     rts2800_fpu32.lib : _lock.obj (.cinit)
                  0000804b    0000000a                       : exit.obj (.cinit)
                  00008055    00000004                       : errno.obj (.cinit)
                  00008059    00000002     --HOLE-- [fill = 0]

ramfuncs   0    0000805b    0000001f     
                  0000805b    0000001b     DSP2833x_SysCtrl.obj (ramfuncs)
                  00008076    00000004     DSP2833x_usDelay.obj (ramfuncs)

.text      0    00008200    00001577     
                  00008200    000003f4     DSP2833x_DMA.obj (.text)
                  000085f4    000002d5     DSP2833x_SWPrioritizedDefaultIsr.obj (.text)
                  000088c9    00000205     My_Config.obj (.text)
                  00008ace    000001ef     CFFT_f32.obj (.text)
                  00008cbd    00000184     DSP2833x_Mcbsp.obj (.text)
                  00008e41    00000001     --HOLE-- [fill = 0]
                  00008e42    0000011d     RFFT_f32.obj (.text)
                  00008f5f    000000fa     DSP2833x_Xintf.obj (.text)
                  00009059    000000f9     Example_2833xAIC23_IIC_Mcbsp.obj (.text)
                  00009152    000000f4     DSP2833x_SysCtrl.obj (.text)
                  00009246    000000c3     rts2800_fpu32.lib : atan2.obj (.text)
                  00009309    00000088                       : fs_div.obj (.text)
                  00009391    0000007a     DSP2833x_CpuTimers.obj (.text)
                  0000940b    0000005c     rts2800_fpu32.lib : sin.obj (.text)
                  00009467    00000001     --HOLE-- [fill = 0]
                  00009468    0000005b     abs_SP_CV_2.obj (.text)
                  000094c3    00000049     RFFT_f32_phase.obj (.text)
                  0000950c    00000046     rts2800_fpu32.lib : boot.obj (.text)
                  00009552    00000044     RFFT_f32_mag.obj (.text)
                  00009596    00000042     C28x_FPU_Lib.lib : CFFT_f32_sincostable.obj (.text)
                  000095d8    00000030     CFFT_f32_mag.obj (.text)
                  00009608    0000002b     CFFT_f32_phase.obj (.text)
                  00009633    00000028     DSP2833x_PieCtrl.obj (.text)
                  0000965b    00000023     delay.obj (.text)
                  0000967e    00000020     DSP2833x_PieVect.obj (.text)
                  0000969e    00000020     rts2800_fpu32.lib : sqrt.obj (.text)
                  000096be    0000001c     maxidx_SP_RV_2.obj (.text)
                  000096da    0000001b     rts2800_fpu32.lib : args_main.obj (.text)
                  000096f5    00000019                       : exit.obj (.text)
                  0000970e    00000017     DSP2833x_Gpio.obj (.text)
                  00009725    00000017     DSP2833x_MemCopy.obj (.text)
                  0000973c    00000016     rts2800_fpu32.lib : frexp.obj (.text)
                  00009752    00000014     DSP2833x_Adc.obj (.text)
                  00009766    00000009     rts2800_fpu32.lib : _lock.obj (.text)
                  0000976f    00000008     DSP2833x_CodeStartBranch.obj (.text)

csm_rsvd   0    0033ff80    00000000     DSECT

csmpasswds 
*          0    0033fff8    00000000     DSECT

.adc_cal   0    00380080    00000007     NOLOAD SECTION
                  00380080    00000007     DSP2833x_ADC_cal.obj (.adc_cal)

.reset     0    003fffc0    00000002     DSECT
                  003fffc0    00000002     rts2800_fpu32.lib : boot.obj (.reset)

.stack     1    00000400    00000400     UNINITIALIZED
                  00000400    00000400     --HOLE--

DevEmuRegsFile 
*          1    00000880    000000d0     UNINITIALIZED
                  00000880    000000d0     DSP2833x_GlobalVariableDefs.obj (DevEmuRegsFile)

FlashRegsFile 
*          1    00000a80    00000008     UNINITIALIZED
                  00000a80    00000008     DSP2833x_GlobalVariableDefs.obj (FlashRegsFile)

CsmRegsFile 
*          1    00000ae0    00000010     UNINITIALIZED
                  00000ae0    00000010     DSP2833x_GlobalVariableDefs.obj (CsmRegsFile)

AdcMirrorFile 
*          1    00000b00    00000010     UNINITIALIZED
                  00000b00    00000010     DSP2833x_GlobalVariableDefs.obj (AdcMirrorFile)

XintfRegsFile 
*          1    00000b20    0000001e     UNINITIALIZED
                  00000b20    0000001e     DSP2833x_GlobalVariableDefs.obj (XintfRegsFile)

CpuTimer0RegsFile 
*          1    00000c00    00000008     UNINITIALIZED
                  00000c00    00000008     DSP2833x_GlobalVariableDefs.obj (CpuTimer0RegsFile)

CpuTimer1RegsFile 
*          1    00000c08    00000008     UNINITIALIZED
                  00000c08    00000008     DSP2833x_GlobalVariableDefs.obj (CpuTimer1RegsFile)

CpuTimer2RegsFile 
*          1    00000c10    00000008     UNINITIALIZED
                  00000c10    00000008     DSP2833x_GlobalVariableDefs.obj (CpuTimer2RegsFile)

PieCtrlRegsFile 
*          1    00000ce0    0000001a     UNINITIALIZED
                  00000ce0    0000001a     DSP2833x_GlobalVariableDefs.obj (PieCtrlRegsFile)

PieVectTableFile 
*          1    00000d00    00000100     UNINITIALIZED
                  00000d00    00000100     DSP2833x_GlobalVariableDefs.obj (PieVectTableFile)

DmaRegsFile 
*          1    00001000    000000e0     UNINITIALIZED
                  00001000    000000e0     DSP2833x_GlobalVariableDefs.obj (DmaRegsFile)

McbspaRegsFile 
*          1    00005000    00000025     UNINITIALIZED
                  00005000    00000025     DSP2833x_GlobalVariableDefs.obj (McbspaRegsFile)

McbspbRegsFile 
*          1    00005040    00000025     UNINITIALIZED
                  00005040    00000025     DSP2833x_GlobalVariableDefs.obj (McbspbRegsFile)

ECanaRegsFile 
*          1    00006000    00000034     UNINITIALIZED
                  00006000    00000034     DSP2833x_GlobalVariableDefs.obj (ECanaRegsFile)

ECanaLAMRegsFile 
*          1    00006040    00000040     UNINITIALIZED
                  00006040    00000040     DSP2833x_GlobalVariableDefs.obj (ECanaLAMRegsFile)

ECanaMOTSRegsFile 
*          1    00006080    00000040     UNINITIALIZED
                  00006080    00000040     DSP2833x_GlobalVariableDefs.obj (ECanaMOTSRegsFile)

ECanaMOTORegsFile 
*          1    000060c0    00000040     UNINITIALIZED
                  000060c0    00000040     DSP2833x_GlobalVariableDefs.obj (ECanaMOTORegsFile)

ECanaMboxesFile 
*          1    00006100    00000100     UNINITIALIZED
                  00006100    00000100     DSP2833x_GlobalVariableDefs.obj (ECanaMboxesFile)

ECanbRegsFile 
*          1    00006200    00000034     UNINITIALIZED
                  00006200    00000034     DSP2833x_GlobalVariableDefs.obj (ECanbRegsFile)

ECanbLAMRegsFile 
*          1    00006240    00000040     UNINITIALIZED
                  00006240    00000040     DSP2833x_GlobalVariableDefs.obj (ECanbLAMRegsFile)

ECanbMOTSRegsFile 
*          1    00006280    00000040     UNINITIALIZED
                  00006280    00000040     DSP2833x_GlobalVariableDefs.obj (ECanbMOTSRegsFile)

ECanbMOTORegsFile 
*          1    000062c0    00000040     UNINITIALIZED
                  000062c0    00000040     DSP2833x_GlobalVariableDefs.obj (ECanbMOTORegsFile)

ECanbMboxesFile 
*          1    00006300    00000100     UNINITIALIZED
                  00006300    00000100     DSP2833x_GlobalVariableDefs.obj (ECanbMboxesFile)

EPwm1RegsFile 
*          1    00006800    00000022     UNINITIALIZED
                  00006800    00000022     DSP2833x_GlobalVariableDefs.obj (EPwm1RegsFile)

EPwm2RegsFile 
*          1    00006840    00000022     UNINITIALIZED
                  00006840    00000022     DSP2833x_GlobalVariableDefs.obj (EPwm2RegsFile)

EPwm3RegsFile 
*          1    00006880    00000022     UNINITIALIZED
                  00006880    00000022     DSP2833x_GlobalVariableDefs.obj (EPwm3RegsFile)

EPwm4RegsFile 
*          1    000068c0    00000022     UNINITIALIZED
                  000068c0    00000022     DSP2833x_GlobalVariableDefs.obj (EPwm4RegsFile)

EPwm5RegsFile 
*          1    00006900    00000022     UNINITIALIZED
                  00006900    00000022     DSP2833x_GlobalVariableDefs.obj (EPwm5RegsFile)

EPwm6RegsFile 
*          1    00006940    00000022     UNINITIALIZED
                  00006940    00000022     DSP2833x_GlobalVariableDefs.obj (EPwm6RegsFile)

ECap1RegsFile 
*          1    00006a00    00000020     UNINITIALIZED
                  00006a00    00000020     DSP2833x_GlobalVariableDefs.obj (ECap1RegsFile)

ECap2RegsFile 
*          1    00006a20    00000020     UNINITIALIZED
                  00006a20    00000020     DSP2833x_GlobalVariableDefs.obj (ECap2RegsFile)

ECap3RegsFile 
*          1    00006a40    00000020     UNINITIALIZED
                  00006a40    00000020     DSP2833x_GlobalVariableDefs.obj (ECap3RegsFile)

ECap4RegsFile 
*          1    00006a60    00000020     UNINITIALIZED
                  00006a60    00000020     DSP2833x_GlobalVariableDefs.obj (ECap4RegsFile)

ECap5RegsFile 
*          1    00006a80    00000020     UNINITIALIZED
                  00006a80    00000020     DSP2833x_GlobalVariableDefs.obj (ECap5RegsFile)

ECap6RegsFile 
*          1    00006aa0    00000020     UNINITIALIZED
                  00006aa0    00000020     DSP2833x_GlobalVariableDefs.obj (ECap6RegsFile)

EQep1RegsFile 
*          1    00006b00    00000040     UNINITIALIZED
                  00006b00    00000040     DSP2833x_GlobalVariableDefs.obj (EQep1RegsFile)

EQep2RegsFile 
*          1    00006b40    00000040     UNINITIALIZED
                  00006b40    00000040     DSP2833x_GlobalVariableDefs.obj (EQep2RegsFile)

GpioCtrlRegsFile 
*          1    00006f80    0000002e     UNINITIALIZED
                  00006f80    0000002e     DSP2833x_GlobalVariableDefs.obj (GpioCtrlRegsFile)

GpioDataRegsFile 
*          1    00006fc0    00000020     UNINITIALIZED
                  00006fc0    00000020     DSP2833x_GlobalVariableDefs.obj (GpioDataRegsFile)

GpioIntRegsFile 
*          1    00006fe0    0000000a     UNINITIALIZED
                  00006fe0    0000000a     DSP2833x_GlobalVariableDefs.obj (GpioIntRegsFile)

SysCtrlRegsFile 
*          1    00007010    00000020     UNINITIALIZED
                  00007010    00000020     DSP2833x_GlobalVariableDefs.obj (SysCtrlRegsFile)

SpiaRegsFile 
*          1    00007040    00000010     UNINITIALIZED
                  00007040    00000010     DSP2833x_GlobalVariableDefs.obj (SpiaRegsFile)

SciaRegsFile 
*          1    00007050    00000010     UNINITIALIZED
                  00007050    00000010     DSP2833x_GlobalVariableDefs.obj (SciaRegsFile)

XIntruptRegsFile 
*          1    00007070    00000010     UNINITIALIZED
                  00007070    00000010     DSP2833x_GlobalVariableDefs.obj (XIntruptRegsFile)

AdcRegsFile 
*          1    00007100    0000001e     UNINITIALIZED
                  00007100    0000001e     DSP2833x_GlobalVariableDefs.obj (AdcRegsFile)

ScibRegsFile 
*          1    00007750    00000010     UNINITIALIZED
                  00007750    00000010     DSP2833x_GlobalVariableDefs.obj (ScibRegsFile)

ScicRegsFile 
*          1    00007770    00000010     UNINITIALIZED
                  00007770    00000010     DSP2833x_GlobalVariableDefs.obj (ScicRegsFile)

I2caRegsFile 
*          1    00007900    00000022     UNINITIALIZED
                  00007900    00000022     DSP2833x_GlobalVariableDefs.obj (I2caRegsFile)

.ebss      1    0000c000    00000555     UNINITIALIZED
                  0000c000    00000440     Example_2833xAIC23_IIC_Mcbsp.obj (.ebss)
                  0000c440    000000e0     DSP2833x_SWPrioritizedDefaultIsr.obj (.ebss)
                  0000c520    00000018     DSP2833x_CpuTimers.obj (.ebss)
                  0000c538    00000004     rts2800_fpu32.lib : _lock.obj (.ebss)
                  0000c53c    00000004                       : exit.obj (.ebss)
                  0000c540    00000014     CFFT_f32.obj (.ebss)
                  0000c554    00000001     rts2800_fpu32.lib : errno.obj (.ebss)

CFFTdata2 
*          1    0000d800    00000400     UNINITIALIZED
                  0000d800    00000400     Example_2833xAIC23_IIC_Mcbsp.obj (CFFTdata2)

.econst    1    0000dc00    00000108     
                  0000dc00    00000100     DSP2833x_PieVect.obj (.econst)
                  0000dd00    00000008     rts2800_fpu32.lib : atan2.obj (.econst:_a$1)

CFFTdata3 
*          1    0000e400    00000400     UNINITIALIZED
                  0000e400    00000400     Example_2833xAIC23_IIC_Mcbsp.obj (CFFTdata3)

DMARAML4   1    0000f000    00000600     UNINITIALIZED
                  0000f000    00000600     Example_2833xAIC23_IIC_Mcbsp.obj (DMARAML4)

CFFTdata1 
*          1    0000f800    00000400     UNINITIALIZED
                  0000f800    00000400     Example_2833xAIC23_IIC_Mcbsp.obj (CFFTdata1)

CFFTdata4 
*          1    0000fc00    00000200     UNINITIALIZED
                  0000fc00    00000200     Example_2833xAIC23_IIC_Mcbsp.obj (CFFTdata4)

CsmPwlFile 
*          1    0033fff8    00000008     UNINITIALIZED
                  0033fff8    00000008     DSP2833x_GlobalVariableDefs.obj (CsmPwlFile)


GLOBAL SYMBOLS: SORTED ALPHABETICALLY BY Name 

address    name
--------   ----
00008200   .text
000096f5   C$$EXIT
00009309   FS$$DIV
0000f200   _ADC
0000892c   _ADC_Config
0000c009   _ADC_END
00380080   _ADC_cal
00008a9b   _AGC_Adjust
00000b00   _AdcMirror
00007100   _AdcRegs
0000fc00   _CFFTF32Coef
00008ace   _CFFT_f32
000095d8   _CFFT_f32_mag
00009608   _CFFT_f32_phase
00009596   _CFFT_f32_sincostable
0000f800   _CFFTin1Buff
0000d800   _CFFTin2Buff
0000e400   _CFFToutBuff
000093d0   _ConfigCpuTimer
0000c530   _CpuTimer0
00000c00   _CpuTimer0Regs
0000c520   _CpuTimer1
00000c08   _CpuTimer1Regs
0000c528   _CpuTimer2
00000c10   _CpuTimer2Regs
0033fff8   _CsmPwl
00000ae0   _CsmRegs
00009215   _CsmUnlock
00008751   _DINTCH1_ISR
0000f000   _DMABuf1
0000820a   _DMACH1AddrConfig
0000821c   _DMACH1BurstConfig
0000824f   _DMACH1ModeConfig
0000822c   _DMACH1TransferConfig
0000823c   _DMACH1WrapConfig
000082b1   _DMACH2AddrConfig
000082c3   _DMACH2BurstConfig
000082f6   _DMACH2ModeConfig
000082d3   _DMACH2TransferConfig
000082e3   _DMACH2WrapConfig
00008358   _DMACH3AddrConfig
0000836a   _DMACH3BurstConfig
0000839d   _DMACH3ModeConfig
0000837a   _DMACH3TransferConfig
0000838a   _DMACH3WrapConfig
000083ff   _DMACH4AddrConfig
00008411   _DMACH4BurstConfig
00008444   _DMACH4ModeConfig
00008421   _DMACH4TransferConfig
00008431   _DMACH4WrapConfig
000084a6   _DMACH5AddrConfig
000084b8   _DMACH5BurstConfig
000084eb   _DMACH5ModeConfig
000084c8   _DMACH5TransferConfig
000084d8   _DMACH5WrapConfig
0000854d   _DMACH6AddrConfig
0000855f   _DMACH6BurstConfig
00008592   _DMACH6ModeConfig
0000856f   _DMACH6TransferConfig
0000857f   _DMACH6WrapConfig
0000c012   _DMADest
00008200   _DMAInitialize
0000c010   _DMASource
00008076   _DSP28x_usDelay
00000880   _DevEmuRegs
00009165   _DisableDog
00001000   _DmaRegs
00006040   _ECanaLAMRegs
000060c0   _ECanaMOTORegs
00006080   _ECanaMOTSRegs
00006100   _ECanaMboxes
00006000   _ECanaRegs
00006240   _ECanbLAMRegs
000062c0   _ECanbMOTORegs
00006280   _ECanbMOTSRegs
00006300   _ECanbMboxes
00006200   _ECanbRegs
00006a00   _ECap1Regs
00006a20   _ECap2Regs
00006a40   _ECap3Regs
00006a60   _ECap4Regs
00006a80   _ECap5Regs
00006aa0   _ECap6Regs
0000889e   _EMPTY_ISR
00006800   _EPwm1Regs
00006840   _EPwm2Regs
00006880   _EPwm3Regs
000068c0   _EPwm4Regs
00006900   _EPwm5Regs
00006940   _EPwm6Regs
00006b00   _EQep1Regs
00006b40   _EQep2Regs
00009652   _EnableInterrupts
0000c480   _FFT_Array
00000a80   _FlashRegs
00006f80   _GpioCtrlRegs
00006fc0   _GpioDataRegs
00006fe0   _GpioIntRegs
00007900   _I2caRegs
000085f4   _INT13_ISR
000088b5   _INT_NOTUSED_ISR
00009752   _InitAdc
00009391   _InitCpuTimers
0000805b   _InitFlash
0000970e   _InitGpio
00008cbd   _InitMcbsp
00008da6   _InitMcbspGpio
00008cc2   _InitMcbspa
00008d31   _InitMcbspa12bit
00008d3c   _InitMcbspa16bit
00008d47   _InitMcbspa20bit
00008d52   _InitMcbspa24bit
00008d5d   _InitMcbspa32bit
00008d2a   _InitMcbspa8bit
00008dab   _InitMcbspaGpio
00008cf4   _InitMcbspb
00008d6f   _InitMcbspb12bit
00008d7a   _InitMcbspb16bit
00008d85   _InitMcbspb20bit
00008d90   _InitMcbspb24bit
00008d9b   _InitMcbspb32bit
00008d68   _InitMcbspb8bit
00008de5   _InitMcbspbGpio
000091bb   _InitPeripheralClocks
00009633   _InitPieCtrl
0000967e   _InitPieVectTable
0000916d   _InitPll
00009152   _InitSysCtrl
00008f5f   _InitXintf
00008fff   _InitXintf16Gpio
00008fb8   _InitXintf32Gpio
00005000   _McbspaRegs
00005040   _McbspbRegs
00009725   _MemCopy
000088ab   _PIE_RESERVED
00000ce0   _PieCtrlRegs
00000d00   _PieVectTable
0000dc00   _PieVectTableInit
00008e42   _RFFT_f32
00009552   _RFFT_f32_mag
000094c3   _RFFT_f32_phase
00007050   _SciaRegs
00007750   _ScibRegs
00007770   _ScicRegs
0000915b   _ServiceDog
00007040   _SpiaRegs
000082a9   _StartDMACH1
00008350   _StartDMACH2
000083f7   _StartDMACH3
0000849e   _StartDMACH4
00008545   _StartDMACH5
000085ec   _StartDMACH6
00007010   _SysCtrlRegs
000086e0   _TINT0_ISR
00008697   _XINT2_ISR
00008948   _XINTConfig
00007070   _XIntruptRegs
00000b20   _XintfRegs
00000800   __STACK_END
00000400   __STACK_SIZE
00000001   __TI_args_main
ffffffff   ___binit__
ffffffff   ___c_args__
00008000   ___cinit__
00009777   ___etext__
ffffffff   ___pinit__
00008200   ___text__
000096da   __args_main
0000c53c   __cleanup_ptr
0000c53e   __dtors_ptr
0000c53a   __lock
0000976e   __nop
0000976a   __register_lock
00009766   __register_unlock
00000400   __stack
0000c538   __unlock
000096f5   _abort
00009468   _abs_SP_CV_2
0000c00f   _alarm_count
0000c000   _alarm_flag
00008a7a   _alarm_start
00008a91   _alarm_stop
0000c006   _array_index
00009246   _atan2
0000950c   _c_int00
0000c01c   _cfft
00008e2b   _clkg_delay_loop
0000c00d   _conside_tag
0000c004   _count
000088c9   _dds_init4
00008e15   _delay_loop
0000965b   _delayxms
0000966d   _delayxus
0000c554   _errno
00008a78   _error
000096f7   _exit
0000c008   _flag
0000c018   _freq
0000c00c   _freq_fix
0000c007   _freq_mark
0000c005   _freq_num
0000973c   _frexp
00008958   _gpio_cfg
0000c440   _hold
0000c01a   _init_mean
000088fd   _init_timer
0000c016   _int1_count
0000c014   _int2_count
0000c001   _j
000089b4   _led0
000089ce   _led1
00008a5e   _led10
000089d6   _led2
000089e0   _led3
000089ec   _led4
000089fa   _led5
00008a0a   _led6
00008a1c   _led7
00008a30   _led8
00008a46   _led9
0000c003   _loop
0000c240   _mag_first
0000c040   _mag_last
00009059   _main
0000c442   _mark
000096be   _maxidx_SP_RV_2
00008924   _mcbspa_AGC
0000891b   _mcbspb_xmit
0000c444   _min
0000c002   _mode
00008e4b   _rfft_f32_Stages1and2and3andBitReverse
00008eb7   _rfft_f32_Stages4andUp
000088bf   _rsvd_ISR
0000c00b   _sample_count1
0000c00a   _sample_count2
0000940b   _sin
0000969e   _sqrt
0000c00e   _test_num
ffffffff   binit
00008000   cinit
00000000   code_start
00009777   etext
ffffffff   pinit


GLOBAL SYMBOLS: SORTED BY Symbol Address 

address    name
--------   ----
00000000   code_start
00000001   __TI_args_main
00000400   __STACK_SIZE
00000400   __stack
00000800   __STACK_END
00000880   _DevEmuRegs
00000a80   _FlashRegs
00000ae0   _CsmRegs
00000b00   _AdcMirror
00000b20   _XintfRegs
00000c00   _CpuTimer0Regs
00000c08   _CpuTimer1Regs
00000c10   _CpuTimer2Regs
00000ce0   _PieCtrlRegs
00000d00   _PieVectTable
00001000   _DmaRegs
00005000   _McbspaRegs
00005040   _McbspbRegs
00006000   _ECanaRegs
00006040   _ECanaLAMRegs
00006080   _ECanaMOTSRegs
000060c0   _ECanaMOTORegs
00006100   _ECanaMboxes
00006200   _ECanbRegs
00006240   _ECanbLAMRegs
00006280   _ECanbMOTSRegs
000062c0   _ECanbMOTORegs
00006300   _ECanbMboxes
00006800   _EPwm1Regs
00006840   _EPwm2Regs
00006880   _EPwm3Regs
000068c0   _EPwm4Regs
00006900   _EPwm5Regs
00006940   _EPwm6Regs
00006a00   _ECap1Regs
00006a20   _ECap2Regs
00006a40   _ECap3Regs
00006a60   _ECap4Regs
00006a80   _ECap5Regs
00006aa0   _ECap6Regs
00006b00   _EQep1Regs
00006b40   _EQep2Regs
00006f80   _GpioCtrlRegs
00006fc0   _GpioDataRegs
00006fe0   _GpioIntRegs
00007010   _SysCtrlRegs
00007040   _SpiaRegs
00007050   _SciaRegs
00007070   _XIntruptRegs
00007100   _AdcRegs
00007750   _ScibRegs
00007770   _ScicRegs
00007900   _I2caRegs
00008000   ___cinit__
00008000   cinit
0000805b   _InitFlash
00008076   _DSP28x_usDelay
00008200   .text
00008200   _DMAInitialize
00008200   ___text__
0000820a   _DMACH1AddrConfig
0000821c   _DMACH1BurstConfig
0000822c   _DMACH1TransferConfig
0000823c   _DMACH1WrapConfig
0000824f   _DMACH1ModeConfig
000082a9   _StartDMACH1
000082b1   _DMACH2AddrConfig
000082c3   _DMACH2BurstConfig
000082d3   _DMACH2TransferConfig
000082e3   _DMACH2WrapConfig
000082f6   _DMACH2ModeConfig
00008350   _StartDMACH2
00008358   _DMACH3AddrConfig
0000836a   _DMACH3BurstConfig
0000837a   _DMACH3TransferConfig
0000838a   _DMACH3WrapConfig
0000839d   _DMACH3ModeConfig
000083f7   _StartDMACH3
000083ff   _DMACH4AddrConfig
00008411   _DMACH4BurstConfig
00008421   _DMACH4TransferConfig
00008431   _DMACH4WrapConfig
00008444   _DMACH4ModeConfig
0000849e   _StartDMACH4
000084a6   _DMACH5AddrConfig
000084b8   _DMACH5BurstConfig
000084c8   _DMACH5TransferConfig
000084d8   _DMACH5WrapConfig
000084eb   _DMACH5ModeConfig
00008545   _StartDMACH5
0000854d   _DMACH6AddrConfig
0000855f   _DMACH6BurstConfig
0000856f   _DMACH6TransferConfig
0000857f   _DMACH6WrapConfig
00008592   _DMACH6ModeConfig
000085ec   _StartDMACH6
000085f4   _INT13_ISR
00008697   _XINT2_ISR
000086e0   _TINT0_ISR
00008751   _DINTCH1_ISR
0000889e   _EMPTY_ISR
000088ab   _PIE_RESERVED
000088b5   _INT_NOTUSED_ISR
000088bf   _rsvd_ISR
000088c9   _dds_init4
000088fd   _init_timer
0000891b   _mcbspb_xmit
00008924   _mcbspa_AGC
0000892c   _ADC_Config
00008948   _XINTConfig
00008958   _gpio_cfg
000089b4   _led0
000089ce   _led1
000089d6   _led2
000089e0   _led3
000089ec   _led4
000089fa   _led5
00008a0a   _led6
00008a1c   _led7
00008a30   _led8
00008a46   _led9
00008a5e   _led10
00008a78   _error
00008a7a   _alarm_start
00008a91   _alarm_stop
00008a9b   _AGC_Adjust
00008ace   _CFFT_f32
00008cbd   _InitMcbsp
00008cc2   _InitMcbspa
00008cf4   _InitMcbspb
00008d2a   _InitMcbspa8bit
00008d31   _InitMcbspa12bit
00008d3c   _InitMcbspa16bit
00008d47   _InitMcbspa20bit
00008d52   _InitMcbspa24bit
00008d5d   _InitMcbspa32bit
00008d68   _InitMcbspb8bit
00008d6f   _InitMcbspb12bit
00008d7a   _InitMcbspb16bit
00008d85   _InitMcbspb20bit
00008d90   _InitMcbspb24bit
00008d9b   _InitMcbspb32bit
00008da6   _InitMcbspGpio
00008dab   _InitMcbspaGpio
00008de5   _InitMcbspbGpio
00008e15   _delay_loop
00008e2b   _clkg_delay_loop
00008e42   _RFFT_f32
00008e4b   _rfft_f32_Stages1and2and3andBitReverse
00008eb7   _rfft_f32_Stages4andUp
00008f5f   _InitXintf
00008fb8   _InitXintf32Gpio
00008fff   _InitXintf16Gpio
00009059   _main
00009152   _InitSysCtrl
0000915b   _ServiceDog
00009165   _DisableDog
0000916d   _InitPll
000091bb   _InitPeripheralClocks
00009215   _CsmUnlock
00009246   _atan2
00009309   FS$$DIV
00009391   _InitCpuTimers
000093d0   _ConfigCpuTimer
0000940b   _sin
00009468   _abs_SP_CV_2
000094c3   _RFFT_f32_phase
0000950c   _c_int00
00009552   _RFFT_f32_mag
00009596   _CFFT_f32_sincostable
000095d8   _CFFT_f32_mag
00009608   _CFFT_f32_phase
00009633   _InitPieCtrl
00009652   _EnableInterrupts
0000965b   _delayxms
0000966d   _delayxus
0000967e   _InitPieVectTable
0000969e   _sqrt
000096be   _maxidx_SP_RV_2
000096da   __args_main
000096f5   C$$EXIT
000096f5   _abort
000096f7   _exit
0000970e   _InitGpio
00009725   _MemCopy
0000973c   _frexp
00009752   _InitAdc
00009766   __register_unlock
0000976a   __register_lock
0000976e   __nop
00009777   ___etext__
00009777   etext
0000c000   _alarm_flag
0000c001   _j
0000c002   _mode
0000c003   _loop
0000c004   _count
0000c005   _freq_num
0000c006   _array_index
0000c007   _freq_mark
0000c008   _flag
0000c009   _ADC_END
0000c00a   _sample_count2
0000c00b   _sample_count1
0000c00c   _freq_fix
0000c00d   _conside_tag
0000c00e   _test_num
0000c00f   _alarm_count
0000c010   _DMASource
0000c012   _DMADest
0000c014   _int2_count
0000c016   _int1_count
0000c018   _freq
0000c01a   _init_mean
0000c01c   _cfft
0000c040   _mag_last
0000c240   _mag_first
0000c440   _hold
0000c442   _mark
0000c444   _min
0000c480   _FFT_Array
0000c520   _CpuTimer1
0000c528   _CpuTimer2
0000c530   _CpuTimer0
0000c538   __unlock
0000c53a   __lock
0000c53c   __cleanup_ptr
0000c53e   __dtors_ptr
0000c554   _errno
0000d800   _CFFTin2Buff
0000dc00   _PieVectTableInit
0000e400   _CFFToutBuff
0000f000   _DMABuf1
0000f200   _ADC
0000f800   _CFFTin1Buff
0000fc00   _CFFTF32Coef
0033fff8   _CsmPwl
00380080   _ADC_cal
ffffffff   ___binit__
ffffffff   ___c_args__
ffffffff   ___pinit__
ffffffff   binit
ffffffff   pinit

[243 symbols]
